mysql> desc settings;
+-------+--------------+------+-----+---------+----------------+
| Field | Type         | Null | Key | Default | Extra          |
+-------+--------------+------+-----+---------+----------------+
| id    | int          | NO   | PRI | NULL    | auto_increment |
| color | varchar(100) | YES  |     | NULL    |                |
| delay | int          | YES  |     | NULL    |                |
+-------+--------------+------+-----+---------+----------------+
3 rows in set (0.00 sec)

mysql> desc weatherdata;
+-------------+--------------+------+-----+-------------------+-------------------+
| Field       | Type         | Null | Key | Default           | Extra             |
+-------------+--------------+------+-----+-------------------+-------------------+
| id          | int          | NO   | PRI | NULL              | auto_increment    |
| outtemp     | decimal(3,1) | YES  |     | NULL              |                   |
| outhum      | decimal(4,1) | YES  |     | NULL              |                   |
| datecreated | datetime     | YES  |     | CURRENT_TIMESTAMP | DEFAULT_GENERATED |
| pressure    | decimal(6,2) | YES  |     | NULL              |                   |
+-------------+--------------+------+-----+-------------------+-------------------+
5 rows in set (0.00 sec)

mysql> desc weathererrorlog;
+-------------+--------------+------+-----+---------+-------------------+
| Field       | Type         | Null | Key | Default | Extra             |
+-------------+--------------+------+-----+---------+-------------------+
| id          | int          | NO   | PRI | NULL    | auto_increment    |
| outtemp     | decimal(3,1) | YES  |     | NULL    |                   |
| outhum      | decimal(4,1) | YES  |     | NULL    |                   |
| pressure    | decimal(6,2) | YES  |     | NULL    |                   |
| datecreated | datetime     | YES  |     | now()   | DEFAULT_GENERATED |
+-------------+--------------+------+-----+---------+-------------------+
5 rows in set (0.01 sec)

mysql> desc delaylog;
+------------+--------------+------+-----+-------------------+-------------------+
| Field      | Type         | Null | Key | Default           | Extra             |
+------------+--------------+------+-----+-------------------+-------------------+
| id         | int          | NO   | PRI | NULL              | auto_increment    |
| logdate    | datetime     | YES  |     | CURRENT_TIMESTAMP | DEFAULT_GENERATED |
| delayvalue | varchar(255) | YES  |     | NULL              |                   |
+------------+--------------+------+-----+-------------------+-------------------+
3 rows in set (0.00 sec)

mysql> show tables;
+--------------------------+
| Tables_in_weatherstation |
+--------------------------+
| delaylog                 |
| settings                 |
| weathercurrent           |
| weatherdata              |
| weathererrorlog          |
+--------------------------+
5 rows in set (0.00 sec)



